Token(type=KEYWORDOBJECT, lexeme="object", literal=null, line=1)
Token(type=KEYWORDBEHAVIOR, lexeme="behavior", literal=null, line=1)
Token(type=KEYWORDSEQUENCE, lexeme="sequence", literal=null, line=1)
Token(type=KEYWORDAT, lexeme="at", literal=null, line=1)
Token(type=KEYWORDOVER, lexeme="over", literal=null, line=1)
Token(type=BOOLEAN, lexeme="true", literal=true, line=1)
Token(type=BOOLEAN, lexeme="false", literal=false, line=1)
Token(type=NIL, lexeme="nil", literal=null, line=1)
Token(type=EOF, lexeme="", literal=null, line=1)