Token(type=FRAMEDURATION, lexeme="30f", literal=30, line=2)
Token(type=TIMEDURATION, lexeme="2.5s", literal=2.5, line=2)
Token(type=KEYWORDDUMP, lexeme="dump", literal=null, line=2)
Token(type=IDENTIFIER, lexeme="Cube", literal=null, line=2)
Token(type=ANGLEDEGREE, lexeme="180deg", literal=180.0, line=5)
Token(type=ANGLEDEGREE, lexeme="90.5deg", literal=90.5, line=5)
Token(type=COLORHEX, lexeme="#FF5733", literal=#FF5733, line=5)
Token(type=COLORHEX, lexeme="#00F", literal=#00F, line=5)
Token(type=IDENTIFIER, lexeme="Cube", literal=null, line=8)
Token(type=COLON, lexeme=":", literal=null, line=8)
Token(type=IDENTIFIER, lexeme="location", literal=null, line=8)
Token(type=DOT, lexeme=".", literal=null, line=8)
Token(type=IDENTIFIER, lexeme="x", literal=null, line=8)
Token(type=ATPLUS, lexeme="@+", literal=null, line=8)
Token(type=FRAMEDURATION, lexeme="10f", literal=10, line=8)
Token(type=ATMINUS, lexeme="@-", literal=null, line=8)
Token(type=FRAMEDURATION, lexeme="5f", literal=5, line=8)
Token(type=EOF, lexeme="", literal=null, line=8)