Token(type=LEFTPAREN, lexeme="(", literal=null, line=1)
Token(type=RIGHTPAREN, lexeme=")", literal=null, line=1)
Token(type=LEFTBRACE, lexeme="{", literal=null, line=1)
Token(type=RIGHTBRACE, lexeme="}", literal=null, line=1)
Token(type=COMMA, lexeme=",", literal=null, line=1)
Token(type=DOT, lexeme=".", literal=null, line=1)
Token(type=SEMICOLON, lexeme=";", literal=null, line=1)
Token(type=PLUS, lexeme="+", literal=null, line=1)
Token(type=MINUS, lexeme="-", literal=null, line=1)
Token(type=STAR, lexeme="*", literal=null, line=1)
Token(type=SLASH, lexeme="/", literal=null, line=1)
Token(type=EQUAL, lexeme="=", literal=null, line=1)
Token(type=EQUALEQUAL, lexeme="==", literal=null, line=1)
Token(type=BANGEQUAL, lexeme="!=", literal=null, line=1)
Token(type=LESS, lexeme="<", literal=null, line=1)
Token(type=LESSEQUAL, lexeme="<=", literal=null, line=1)
Token(type=GREATER, lexeme=">", literal=null, line=1)
Token(type=GREATEREQUAL, lexeme=">=", literal=null, line=1)
Token(type=ARROW, lexeme="->", literal=null, line=1)
Token(type=DOTDOT, lexeme="..", literal=null, line=1)
Token(type=EOF, lexeme="", literal=null, line=1)